---
created: "2019-06-30T21:50:06.510808900Z"
creator: insta@0.8.1
source: src/lib.rs
expression: code
---
// This file has been auto-generated, please do not edit it.

using System;
using System.Runtime.InteropServices;

[Serializable]
[StructLayout(LayoutKind.Sequential)]
internal struct MyStruct {
    internal float foo;
    internal float bar;

    internal MyStruct(float foo, float bar) {
        this.foo = foo;
        this.bar = bar;
    }
}

internal class MyStuff {
    internal const byte BOOP = 1;

    [DllImport("MyDll")]
    internal static extern byte blarg(Int32 a, ref MyStruct b, IntPtr /* MyOpaqueStruct */ c);

}

